// Vitest Snapshot v1, https://vitest.dev/guide/snapshot.html

exports[`restaking.fragJTO test > restaking.fragJTO initializationTasks snapshot 1`] = `
[
  [
    "Program 11111111111111111111111111111111 invoke [1]",
    "Program 11111111111111111111111111111111 success",
    "Program TokenzQdBNbLqP5VEhdkAS6EPFLC1PHnBqCXEpPxuEb invoke [1]",
    "Program log: TransferHookInstruction::Initialize",
    "MASKED(/^Program \\w{32,44} consumed \\d+ of \\d+ compute units$/)",
    "Program TokenzQdBNbLqP5VEhdkAS6EPFLC1PHnBqCXEpPxuEb success",
    "Program TokenzQdBNbLqP5VEhdkAS6EPFLC1PHnBqCXEpPxuEb invoke [1]",
    "Program log: MetadataPointerInstruction::Initialize",
    "MASKED(/^Program \\w{32,44} consumed \\d+ of \\d+ compute units$/)",
    "Program TokenzQdBNbLqP5VEhdkAS6EPFLC1PHnBqCXEpPxuEb success",
    "Program TokenzQdBNbLqP5VEhdkAS6EPFLC1PHnBqCXEpPxuEb invoke [1]",
    "Program log: Instruction: InitializeMint2",
    "MASKED(/^Program \\w{32,44} consumed \\d+ of \\d+ compute units$/)",
    "Program TokenzQdBNbLqP5VEhdkAS6EPFLC1PHnBqCXEpPxuEb success",
    "Program TokenzQdBNbLqP5VEhdkAS6EPFLC1PHnBqCXEpPxuEb invoke [1]",
    "Program log: TokenMetadataInstruction: Initialize",
    "MASKED(/^Program \\w{32,44} consumed \\d+ of \\d+ compute units$/)",
    "Program TokenzQdBNbLqP5VEhdkAS6EPFLC1PHnBqCXEpPxuEb success",
  ],
  [
    "Program 4qEHCzsLFUnw8jmhmRSmAK5VhZVoSD1iVqukAf92yHi5 invoke [1]",
    "Program log: Instruction: AdminInitializeExtraAccountMetaList",
    "Program 11111111111111111111111111111111 invoke [2]",
    "Program 11111111111111111111111111111111 success",
    "MASKED(/^Program \\w{32,44} consumed \\d+ of \\d+ compute units$/)",
    "Program 4qEHCzsLFUnw8jmhmRSmAK5VhZVoSD1iVqukAf92yHi5 success",
  ],
  [
    "Program ComputeBudget111111111111111111111111111111 invoke [1]",
    "Program ComputeBudget111111111111111111111111111111 success",
    "Program ATokenGPvbdGVxr1b2hvZbsiqW5xWH25efTNsLJA8knL invoke [1]",
    "Program log: CreateIdempotent",
    "Program TokenzQdBNbLqP5VEhdkAS6EPFLC1PHnBqCXEpPxuEb invoke [2]",
    "Program log: Instruction: GetAccountDataSize",
    "MASKED(/^Program \\w{32,44} consumed \\d+ of \\d+ compute units$/)",
    "Program return: TokenzQdBNbLqP5VEhdkAS6EPFLC1PHnBqCXEpPxuEb rwAAAAAAAAA=",
    "Program TokenzQdBNbLqP5VEhdkAS6EPFLC1PHnBqCXEpPxuEb success",
    "Program 11111111111111111111111111111111 invoke [2]",
    "Program 11111111111111111111111111111111 success",
    "Program log: Initialize the associated token account",
    "Program TokenzQdBNbLqP5VEhdkAS6EPFLC1PHnBqCXEpPxuEb invoke [2]",
    "Program log: Instruction: InitializeImmutableOwner",
    "MASKED(/^Program \\w{32,44} consumed \\d+ of \\d+ compute units$/)",
    "Program TokenzQdBNbLqP5VEhdkAS6EPFLC1PHnBqCXEpPxuEb success",
    "Program TokenzQdBNbLqP5VEhdkAS6EPFLC1PHnBqCXEpPxuEb invoke [2]",
    "Program log: Instruction: InitializeAccount3",
    "MASKED(/^Program \\w{32,44} consumed \\d+ of \\d+ compute units$/)",
    "Program TokenzQdBNbLqP5VEhdkAS6EPFLC1PHnBqCXEpPxuEb success",
    "MASKED(/^Program \\w{32,44} consumed \\d+ of \\d+ compute units$/)",
    "Program ATokenGPvbdGVxr1b2hvZbsiqW5xWH25efTNsLJA8knL success",
    "Program 4qEHCzsLFUnw8jmhmRSmAK5VhZVoSD1iVqukAf92yHi5 invoke [1]",
    "Program log: Instruction: AdminInitializeFundAccount",
    "Program 11111111111111111111111111111111 invoke [2]",
    "Program 11111111111111111111111111111111 success",
    "Program 11111111111111111111111111111111 invoke [2]",
    "Program 11111111111111111111111111111111 success",
    "Program 11111111111111111111111111111111 invoke [2]",
    "Program 11111111111111111111111111111111 success",
    "Program TokenzQdBNbLqP5VEhdkAS6EPFLC1PHnBqCXEpPxuEb invoke [2]",
    "Program log: Instruction: SetAuthority",
    "MASKED(/^Program \\w{32,44} consumed \\d+ of \\d+ compute units$/)",
    "Program TokenzQdBNbLqP5VEhdkAS6EPFLC1PHnBqCXEpPxuEb success",
    "MASKED(/^Program \\w{32,44} consumed \\d+ of \\d+ compute units$/)",
    "Program 4qEHCzsLFUnw8jmhmRSmAK5VhZVoSD1iVqukAf92yHi5 success",
    "Program 4qEHCzsLFUnw8jmhmRSmAK5VhZVoSD1iVqukAf92yHi5 invoke [1]",
    "Program log: Instruction: AdminUpdateFundAccountIfNeeded",
    "Program log: realloc account size: current=10240, target=163840, required=153600",
    "Program 11111111111111111111111111111111 invoke [2]",
    "Program 11111111111111111111111111111111 success",
    "Program log: realloc account lamports: added=1069056000",
    "Program log: account reallocated: current=20480, target=163840, required=143360",
    "MASKED(/^Program \\w{32,44} consumed \\d+ of \\d+ compute units$/)",
    "Program 4qEHCzsLFUnw8jmhmRSmAK5VhZVoSD1iVqukAf92yHi5 success",
    "Program 4qEHCzsLFUnw8jmhmRSmAK5VhZVoSD1iVqukAf92yHi5 invoke [1]",
    "Program log: Instruction: AdminUpdateFundAccountIfNeeded",
    "Program log: realloc account size: current=20480, target=163840, required=143360",
    "Program log: account reallocated: current=30720, target=163840, required=133120",
    "MASKED(/^Program \\w{32,44} consumed \\d+ of \\d+ compute units$/)",
    "Program 4qEHCzsLFUnw8jmhmRSmAK5VhZVoSD1iVqukAf92yHi5 success",
    "Program 4qEHCzsLFUnw8jmhmRSmAK5VhZVoSD1iVqukAf92yHi5 invoke [1]",
    "Program log: Instruction: AdminUpdateFundAccountIfNeeded",
    "Program log: realloc account size: current=30720, target=163840, required=133120",
    "Program log: account reallocated: current=40960, target=163840, required=122880",
    "MASKED(/^Program \\w{32,44} consumed \\d+ of \\d+ compute units$/)",
    "Program 4qEHCzsLFUnw8jmhmRSmAK5VhZVoSD1iVqukAf92yHi5 success",
    "Program 4qEHCzsLFUnw8jmhmRSmAK5VhZVoSD1iVqukAf92yHi5 invoke [1]",
    "Program log: Instruction: AdminUpdateFundAccountIfNeeded",
    "Program log: realloc account size: current=40960, target=163840, required=122880",
    "Program log: account reallocated: current=51200, target=163840, required=112640",
    "MASKED(/^Program \\w{32,44} consumed \\d+ of \\d+ compute units$/)",
    "Program 4qEHCzsLFUnw8jmhmRSmAK5VhZVoSD1iVqukAf92yHi5 success",
    "Program 4qEHCzsLFUnw8jmhmRSmAK5VhZVoSD1iVqukAf92yHi5 invoke [1]",
    "Program log: Instruction: AdminUpdateFundAccountIfNeeded",
    "Program log: realloc account size: current=51200, target=163840, required=112640",
    "Program log: account reallocated: current=61440, target=163840, required=102400",
    "MASKED(/^Program \\w{32,44} consumed \\d+ of \\d+ compute units$/)",
    "Program 4qEHCzsLFUnw8jmhmRSmAK5VhZVoSD1iVqukAf92yHi5 success",
    "Program 4qEHCzsLFUnw8jmhmRSmAK5VhZVoSD1iVqukAf92yHi5 invoke [1]",
    "Program log: Instruction: AdminUpdateFundAccountIfNeeded",
    "Program log: realloc account size: current=61440, target=163840, required=102400",
    "Program log: account reallocated: current=71680, target=163840, required=92160",
    "MASKED(/^Program \\w{32,44} consumed \\d+ of \\d+ compute units$/)",
    "Program 4qEHCzsLFUnw8jmhmRSmAK5VhZVoSD1iVqukAf92yHi5 success",
    "Program 4qEHCzsLFUnw8jmhmRSmAK5VhZVoSD1iVqukAf92yHi5 invoke [1]",
    "Program log: Instruction: AdminUpdateFundAccountIfNeeded",
    "Program log: realloc account size: current=71680, target=163840, required=92160",
    "Program log: account reallocated: current=81920, target=163840, required=81920",
    "MASKED(/^Program \\w{32,44} consumed \\d+ of \\d+ compute units$/)",
    "Program 4qEHCzsLFUnw8jmhmRSmAK5VhZVoSD1iVqukAf92yHi5 success",
    "Program 4qEHCzsLFUnw8jmhmRSmAK5VhZVoSD1iVqukAf92yHi5 invoke [1]",
    "Program log: Instruction: AdminUpdateFundAccountIfNeeded",
    "Program log: realloc account size: current=81920, target=163840, required=81920",
    "Program log: account reallocated: current=92160, target=163840, required=71680",
    "MASKED(/^Program \\w{32,44} consumed \\d+ of \\d+ compute units$/)",
    "Program 4qEHCzsLFUnw8jmhmRSmAK5VhZVoSD1iVqukAf92yHi5 success",
    "Program 4qEHCzsLFUnw8jmhmRSmAK5VhZVoSD1iVqukAf92yHi5 invoke [1]",
    "Program log: Instruction: AdminUpdateFundAccountIfNeeded",
    "Program log: realloc account size: current=92160, target=163840, required=71680",
    "Program log: account reallocated: current=102400, target=163840, required=61440",
    "MASKED(/^Program \\w{32,44} consumed \\d+ of \\d+ compute units$/)",
    "Program 4qEHCzsLFUnw8jmhmRSmAK5VhZVoSD1iVqukAf92yHi5 success",
    "Program 4qEHCzsLFUnw8jmhmRSmAK5VhZVoSD1iVqukAf92yHi5 invoke [1]",
    "Program log: Instruction: AdminUpdateFundAccountIfNeeded",
    "Program log: realloc account size: current=102400, target=163840, required=61440",
    "Program log: account reallocated: current=112640, target=163840, required=51200",
    "MASKED(/^Program \\w{32,44} consumed \\d+ of \\d+ compute units$/)",
    "Program 4qEHCzsLFUnw8jmhmRSmAK5VhZVoSD1iVqukAf92yHi5 success",
    "Program 4qEHCzsLFUnw8jmhmRSmAK5VhZVoSD1iVqukAf92yHi5 invoke [1]",
    "Program log: Instruction: AdminUpdateFundAccountIfNeeded",
    "Program log: realloc account size: current=112640, target=163840, required=51200",
    "Program log: account reallocated: current=122880, target=163840, required=40960",
    "MASKED(/^Program \\w{32,44} consumed \\d+ of \\d+ compute units$/)",
    "Program 4qEHCzsLFUnw8jmhmRSmAK5VhZVoSD1iVqukAf92yHi5 success",
    "Program 4qEHCzsLFUnw8jmhmRSmAK5VhZVoSD1iVqukAf92yHi5 invoke [1]",
    "Program log: Instruction: AdminUpdateFundAccountIfNeeded",
    "Program log: realloc account size: current=122880, target=163840, required=40960",
    "Program log: account reallocated: current=133120, target=163840, required=30720",
    "MASKED(/^Program \\w{32,44} consumed \\d+ of \\d+ compute units$/)",
    "Program 4qEHCzsLFUnw8jmhmRSmAK5VhZVoSD1iVqukAf92yHi5 success",
    "Program 4qEHCzsLFUnw8jmhmRSmAK5VhZVoSD1iVqukAf92yHi5 invoke [1]",
    "Program log: Instruction: AdminUpdateFundAccountIfNeeded",
    "Program log: realloc account size: current=133120, target=163840, required=30720",
    "Program log: account reallocated: current=143360, target=163840, required=20480",
    "MASKED(/^Program \\w{32,44} consumed \\d+ of \\d+ compute units$/)",
    "Program 4qEHCzsLFUnw8jmhmRSmAK5VhZVoSD1iVqukAf92yHi5 success",
    "Program 4qEHCzsLFUnw8jmhmRSmAK5VhZVoSD1iVqukAf92yHi5 invoke [1]",
    "Program log: Instruction: AdminUpdateFundAccountIfNeeded",
    "Program log: realloc account size: current=143360, target=163840, required=20480",
    "Program log: account reallocated: current=153600, target=163840, required=10240",
    "MASKED(/^Program \\w{32,44} consumed \\d+ of \\d+ compute units$/)",
    "Program 4qEHCzsLFUnw8jmhmRSmAK5VhZVoSD1iVqukAf92yHi5 success",
    "Program 4qEHCzsLFUnw8jmhmRSmAK5VhZVoSD1iVqukAf92yHi5 invoke [1]",
    "Program log: Instruction: AdminUpdateFundAccountIfNeeded",
    "Program log: realloc account size: current=153600, target=163840, required=10240",
    "Program log: account reallocated: current=163840, target=163840, required=0",
    "MASKED(/^Program \\w{32,44} consumed \\d+ of \\d+ compute units$/)",
    "Program 4qEHCzsLFUnw8jmhmRSmAK5VhZVoSD1iVqukAf92yHi5 success",
    "Program 4qEHCzsLFUnw8jmhmRSmAK5VhZVoSD1iVqukAf92yHi5 invoke [1]",
    "Program log: Instruction: AdminUpdateFundAccountIfNeeded",
    "Program log: realloc account size: current=163840, target=163840, required=0",
    "MASKED(/^Program \\w{32,44} consumed \\d+ of \\d+ compute units$/)",
    "Program 4qEHCzsLFUnw8jmhmRSmAK5VhZVoSD1iVqukAf92yHi5 success",
    "Program 4qEHCzsLFUnw8jmhmRSmAK5VhZVoSD1iVqukAf92yHi5 invoke [1]",
    "Program log: Instruction: AdminUpdateFundAccountIfNeeded",
    "Program log: realloc account size: current=163840, target=163840, required=0",
    "MASKED(/^Program \\w{32,44} consumed \\d+ of \\d+ compute units$/)",
    "Program 4qEHCzsLFUnw8jmhmRSmAK5VhZVoSD1iVqukAf92yHi5 success",
    "Program 4qEHCzsLFUnw8jmhmRSmAK5VhZVoSD1iVqukAf92yHi5 invoke [1]",
    "Program log: Instruction: AdminUpdateFundAccountIfNeeded",
    "Program log: realloc account size: current=163840, target=163840, required=0",
    "MASKED(/^Program \\w{32,44} consumed \\d+ of \\d+ compute units$/)",
    "Program 4qEHCzsLFUnw8jmhmRSmAK5VhZVoSD1iVqukAf92yHi5 success",
    "Program 4qEHCzsLFUnw8jmhmRSmAK5VhZVoSD1iVqukAf92yHi5 invoke [1]",
    "Program log: Instruction: AdminUpdateFundAccountIfNeeded",
    "Program log: realloc account size: current=163840, target=163840, required=0",
    "Log truncated",
  ],
  [
    "Program 4qEHCzsLFUnw8jmhmRSmAK5VhZVoSD1iVqukAf92yHi5 invoke [1]",
    "Program log: Instruction: FundManagerUpdateFundStrategy",
    "Program 4qEHCzsLFUnw8jmhmRSmAK5VhZVoSD1iVqukAf92yHi5 invoke [2]",
    "MASKED(/^Program \\w{32,44} consumed \\d+ of \\d+ compute units$/)",
    "Program 4qEHCzsLFUnw8jmhmRSmAK5VhZVoSD1iVqukAf92yHi5 success",
    "MASKED(/^Program \\w{32,44} consumed \\d+ of \\d+ compute units$/)",
    "Program 4qEHCzsLFUnw8jmhmRSmAK5VhZVoSD1iVqukAf92yHi5 success",
  ],
  [
    "Program 4qEHCzsLFUnw8jmhmRSmAK5VhZVoSD1iVqukAf92yHi5 invoke [1]",
    "Program log: Instruction: FundManagerUpdateFundStrategy",
    "Program 4qEHCzsLFUnw8jmhmRSmAK5VhZVoSD1iVqukAf92yHi5 invoke [2]",
    "MASKED(/^Program \\w{32,44} consumed \\d+ of \\d+ compute units$/)",
    "Program 4qEHCzsLFUnw8jmhmRSmAK5VhZVoSD1iVqukAf92yHi5 success",
    "MASKED(/^Program \\w{32,44} consumed \\d+ of \\d+ compute units$/)",
    "Program 4qEHCzsLFUnw8jmhmRSmAK5VhZVoSD1iVqukAf92yHi5 success",
  ],
  [
    "Program 4qEHCzsLFUnw8jmhmRSmAK5VhZVoSD1iVqukAf92yHi5 invoke [1]",
    "Program log: Instruction: FundManagerUpdateSolStrategy",
    "Program 4qEHCzsLFUnw8jmhmRSmAK5VhZVoSD1iVqukAf92yHi5 invoke [2]",
    "MASKED(/^Program \\w{32,44} consumed \\d+ of \\d+ compute units$/)",
    "Program 4qEHCzsLFUnw8jmhmRSmAK5VhZVoSD1iVqukAf92yHi5 success",
    "MASKED(/^Program \\w{32,44} consumed \\d+ of \\d+ compute units$/)",
    "Program 4qEHCzsLFUnw8jmhmRSmAK5VhZVoSD1iVqukAf92yHi5 success",
  ],
  [
    "Program ATokenGPvbdGVxr1b2hvZbsiqW5xWH25efTNsLJA8knL invoke [1]",
    "Program log: CreateIdempotent",
    "Program TokenkegQfeZyiNwAJbNbGKPFXCWuBvf9Ss623VQ5DA invoke [2]",
    "Program log: Instruction: GetAccountDataSize",
    "MASKED(/^Program \\w{32,44} consumed \\d+ of \\d+ compute units$/)",
    "Program return: TokenkegQfeZyiNwAJbNbGKPFXCWuBvf9Ss623VQ5DA pQAAAAAAAAA=",
    "Program TokenkegQfeZyiNwAJbNbGKPFXCWuBvf9Ss623VQ5DA success",
    "Program 11111111111111111111111111111111 invoke [2]",
    "Program 11111111111111111111111111111111 success",
    "Program log: Initialize the associated token account",
    "Program TokenkegQfeZyiNwAJbNbGKPFXCWuBvf9Ss623VQ5DA invoke [2]",
    "Program log: Instruction: InitializeImmutableOwner",
    "Program log: Please upgrade to SPL Token 2022 for immutable owner support",
    "MASKED(/^Program \\w{32,44} consumed \\d+ of \\d+ compute units$/)",
    "Program TokenkegQfeZyiNwAJbNbGKPFXCWuBvf9Ss623VQ5DA success",
    "Program TokenkegQfeZyiNwAJbNbGKPFXCWuBvf9Ss623VQ5DA invoke [2]",
    "Program log: Instruction: InitializeAccount3",
    "MASKED(/^Program \\w{32,44} consumed \\d+ of \\d+ compute units$/)",
    "Program TokenkegQfeZyiNwAJbNbGKPFXCWuBvf9Ss623VQ5DA success",
    "MASKED(/^Program \\w{32,44} consumed \\d+ of \\d+ compute units$/)",
    "Program ATokenGPvbdGVxr1b2hvZbsiqW5xWH25efTNsLJA8knL success",
    "Program ATokenGPvbdGVxr1b2hvZbsiqW5xWH25efTNsLJA8knL invoke [1]",
    "Program log: CreateIdempotent",
    "Program TokenkegQfeZyiNwAJbNbGKPFXCWuBvf9Ss623VQ5DA invoke [2]",
    "Program log: Instruction: GetAccountDataSize",
    "MASKED(/^Program \\w{32,44} consumed \\d+ of \\d+ compute units$/)",
    "Program return: TokenkegQfeZyiNwAJbNbGKPFXCWuBvf9Ss623VQ5DA pQAAAAAAAAA=",
    "Program TokenkegQfeZyiNwAJbNbGKPFXCWuBvf9Ss623VQ5DA success",
    "Program 11111111111111111111111111111111 invoke [2]",
    "Program 11111111111111111111111111111111 success",
    "Program log: Initialize the associated token account",
    "Program TokenkegQfeZyiNwAJbNbGKPFXCWuBvf9Ss623VQ5DA invoke [2]",
    "Program log: Instruction: InitializeImmutableOwner",
    "Program log: Please upgrade to SPL Token 2022 for immutable owner support",
    "MASKED(/^Program \\w{32,44} consumed \\d+ of \\d+ compute units$/)",
    "Program TokenkegQfeZyiNwAJbNbGKPFXCWuBvf9Ss623VQ5DA success",
    "Program TokenkegQfeZyiNwAJbNbGKPFXCWuBvf9Ss623VQ5DA invoke [2]",
    "Program log: Instruction: InitializeAccount3",
    "MASKED(/^Program \\w{32,44} consumed \\d+ of \\d+ compute units$/)",
    "Program TokenkegQfeZyiNwAJbNbGKPFXCWuBvf9Ss623VQ5DA success",
    "MASKED(/^Program \\w{32,44} consumed \\d+ of \\d+ compute units$/)",
    "Program ATokenGPvbdGVxr1b2hvZbsiqW5xWH25efTNsLJA8knL success",
    "Program 4qEHCzsLFUnw8jmhmRSmAK5VhZVoSD1iVqukAf92yHi5 invoke [1]",
    "Program log: Instruction: FundManagerAddSupportedToken",
    "Program 4qEHCzsLFUnw8jmhmRSmAK5VhZVoSD1iVqukAf92yHi5 invoke [2]",
    "MASKED(/^Program \\w{32,44} consumed \\d+ of \\d+ compute units$/)",
    "Program 4qEHCzsLFUnw8jmhmRSmAK5VhZVoSD1iVqukAf92yHi5 success",
    "MASKED(/^Program \\w{32,44} consumed \\d+ of \\d+ compute units$/)",
    "Program 4qEHCzsLFUnw8jmhmRSmAK5VhZVoSD1iVqukAf92yHi5 success",
  ],
  [
    "Program 4qEHCzsLFUnw8jmhmRSmAK5VhZVoSD1iVqukAf92yHi5 invoke [1]",
    "Program log: Instruction: FundManagerUpdateSupportedTokenStrategy",
    "Program 4qEHCzsLFUnw8jmhmRSmAK5VhZVoSD1iVqukAf92yHi5 invoke [2]",
    "MASKED(/^Program \\w{32,44} consumed \\d+ of \\d+ compute units$/)",
    "Program 4qEHCzsLFUnw8jmhmRSmAK5VhZVoSD1iVqukAf92yHi5 success",
    "MASKED(/^Program \\w{32,44} consumed \\d+ of \\d+ compute units$/)",
    "Program 4qEHCzsLFUnw8jmhmRSmAK5VhZVoSD1iVqukAf92yHi5 success",
  ],
  [
    "Program ComputeBudget111111111111111111111111111111 invoke [1]",
    "Program ComputeBudget111111111111111111111111111111 success",
    "Program 4qEHCzsLFUnw8jmhmRSmAK5VhZVoSD1iVqukAf92yHi5 invoke [1]",
    "Program log: Instruction: AdminInitializeRewardAccount",
    "Program 11111111111111111111111111111111 invoke [2]",
    "Program 11111111111111111111111111111111 success",
    "MASKED(/^Program \\w{32,44} consumed \\d+ of \\d+ compute units$/)",
    "Program 4qEHCzsLFUnw8jmhmRSmAK5VhZVoSD1iVqukAf92yHi5 success",
    "Program 4qEHCzsLFUnw8jmhmRSmAK5VhZVoSD1iVqukAf92yHi5 invoke [1]",
    "Program log: Instruction: AdminUpdateRewardAccountIfNeeded",
    "Program log: realloc account size: current=10240, target=342072, required=331832",
    "Program 11111111111111111111111111111111 invoke [2]",
    "Program 11111111111111111111111111111111 success",
    "Program log: realloc account lamports: added=2309550720",
    "Program log: account reallocated: current=20480, target=342072, required=321592",
    "MASKED(/^Program \\w{32,44} consumed \\d+ of \\d+ compute units$/)",
    "Program 4qEHCzsLFUnw8jmhmRSmAK5VhZVoSD1iVqukAf92yHi5 success",
    "Program 4qEHCzsLFUnw8jmhmRSmAK5VhZVoSD1iVqukAf92yHi5 invoke [1]",
    "Program log: Instruction: AdminUpdateRewardAccountIfNeeded",
    "Program log: realloc account size: current=20480, target=342072, required=321592",
    "Program log: account reallocated: current=30720, target=342072, required=311352",
    "MASKED(/^Program \\w{32,44} consumed \\d+ of \\d+ compute units$/)",
    "Program 4qEHCzsLFUnw8jmhmRSmAK5VhZVoSD1iVqukAf92yHi5 success",
    "Program 4qEHCzsLFUnw8jmhmRSmAK5VhZVoSD1iVqukAf92yHi5 invoke [1]",
    "Program log: Instruction: AdminUpdateRewardAccountIfNeeded",
    "Program log: realloc account size: current=30720, target=342072, required=311352",
    "Program log: account reallocated: current=40960, target=342072, required=301112",
    "MASKED(/^Program \\w{32,44} consumed \\d+ of \\d+ compute units$/)",
    "Program 4qEHCzsLFUnw8jmhmRSmAK5VhZVoSD1iVqukAf92yHi5 success",
    "Program 4qEHCzsLFUnw8jmhmRSmAK5VhZVoSD1iVqukAf92yHi5 invoke [1]",
    "Program log: Instruction: AdminUpdateRewardAccountIfNeeded",
    "Program log: realloc account size: current=40960, target=342072, required=301112",
    "Program log: account reallocated: current=51200, target=342072, required=290872",
    "MASKED(/^Program \\w{32,44} consumed \\d+ of \\d+ compute units$/)",
    "Program 4qEHCzsLFUnw8jmhmRSmAK5VhZVoSD1iVqukAf92yHi5 success",
    "Program 4qEHCzsLFUnw8jmhmRSmAK5VhZVoSD1iVqukAf92yHi5 invoke [1]",
    "Program log: Instruction: AdminUpdateRewardAccountIfNeeded",
    "Program log: realloc account size: current=51200, target=342072, required=290872",
    "Program log: account reallocated: current=61440, target=342072, required=280632",
    "MASKED(/^Program \\w{32,44} consumed \\d+ of \\d+ compute units$/)",
    "Program 4qEHCzsLFUnw8jmhmRSmAK5VhZVoSD1iVqukAf92yHi5 success",
    "Program 4qEHCzsLFUnw8jmhmRSmAK5VhZVoSD1iVqukAf92yHi5 invoke [1]",
    "Program log: Instruction: AdminUpdateRewardAccountIfNeeded",
    "Program log: realloc account size: current=61440, target=342072, required=280632",
    "Program log: account reallocated: current=71680, target=342072, required=270392",
    "MASKED(/^Program \\w{32,44} consumed \\d+ of \\d+ compute units$/)",
    "Program 4qEHCzsLFUnw8jmhmRSmAK5VhZVoSD1iVqukAf92yHi5 success",
    "Program 4qEHCzsLFUnw8jmhmRSmAK5VhZVoSD1iVqukAf92yHi5 invoke [1]",
    "Program log: Instruction: AdminUpdateRewardAccountIfNeeded",
    "Program log: realloc account size: current=71680, target=342072, required=270392",
    "Program log: account reallocated: current=81920, target=342072, required=260152",
    "MASKED(/^Program \\w{32,44} consumed \\d+ of \\d+ compute units$/)",
    "Program 4qEHCzsLFUnw8jmhmRSmAK5VhZVoSD1iVqukAf92yHi5 success",
    "Program 4qEHCzsLFUnw8jmhmRSmAK5VhZVoSD1iVqukAf92yHi5 invoke [1]",
    "Program log: Instruction: AdminUpdateRewardAccountIfNeeded",
    "Program log: realloc account size: current=81920, target=342072, required=260152",
    "Program log: account reallocated: current=92160, target=342072, required=249912",
    "MASKED(/^Program \\w{32,44} consumed \\d+ of \\d+ compute units$/)",
    "Program 4qEHCzsLFUnw8jmhmRSmAK5VhZVoSD1iVqukAf92yHi5 success",
    "Program 4qEHCzsLFUnw8jmhmRSmAK5VhZVoSD1iVqukAf92yHi5 invoke [1]",
    "Program log: Instruction: AdminUpdateRewardAccountIfNeeded",
    "Program log: realloc account size: current=92160, target=342072, required=249912",
    "Program log: account reallocated: current=102400, target=342072, required=239672",
    "MASKED(/^Program \\w{32,44} consumed \\d+ of \\d+ compute units$/)",
    "Program 4qEHCzsLFUnw8jmhmRSmAK5VhZVoSD1iVqukAf92yHi5 success",
    "Program 4qEHCzsLFUnw8jmhmRSmAK5VhZVoSD1iVqukAf92yHi5 invoke [1]",
    "Program log: Instruction: AdminUpdateRewardAccountIfNeeded",
    "Program log: realloc account size: current=102400, target=342072, required=239672",
    "Program log: account reallocated: current=112640, target=342072, required=229432",
    "MASKED(/^Program \\w{32,44} consumed \\d+ of \\d+ compute units$/)",
    "Program 4qEHCzsLFUnw8jmhmRSmAK5VhZVoSD1iVqukAf92yHi5 success",
    "Program 4qEHCzsLFUnw8jmhmRSmAK5VhZVoSD1iVqukAf92yHi5 invoke [1]",
    "Program log: Instruction: AdminUpdateRewardAccountIfNeeded",
    "Program log: realloc account size: current=112640, target=342072, required=229432",
    "Program log: account reallocated: current=122880, target=342072, required=219192",
    "MASKED(/^Program \\w{32,44} consumed \\d+ of \\d+ compute units$/)",
    "Program 4qEHCzsLFUnw8jmhmRSmAK5VhZVoSD1iVqukAf92yHi5 success",
    "Program 4qEHCzsLFUnw8jmhmRSmAK5VhZVoSD1iVqukAf92yHi5 invoke [1]",
    "Program log: Instruction: AdminUpdateRewardAccountIfNeeded",
    "Program log: realloc account size: current=122880, target=342072, required=219192",
    "Program log: account reallocated: current=133120, target=342072, required=208952",
    "MASKED(/^Program \\w{32,44} consumed \\d+ of \\d+ compute units$/)",
    "Program 4qEHCzsLFUnw8jmhmRSmAK5VhZVoSD1iVqukAf92yHi5 success",
    "Program 4qEHCzsLFUnw8jmhmRSmAK5VhZVoSD1iVqukAf92yHi5 invoke [1]",
    "Program log: Instruction: AdminUpdateRewardAccountIfNeeded",
    "Program log: realloc account size: current=133120, target=342072, required=208952",
    "Program log: account reallocated: current=143360, target=342072, required=198712",
    "MASKED(/^Program \\w{32,44} consumed \\d+ of \\d+ compute units$/)",
    "Program 4qEHCzsLFUnw8jmhmRSmAK5VhZVoSD1iVqukAf92yHi5 success",
    "Program 4qEHCzsLFUnw8jmhmRSmAK5VhZVoSD1iVqukAf92yHi5 invoke [1]",
    "Program log: Instruction: AdminUpdateRewardAccountIfNeeded",
    "Program log: realloc account size: current=143360, target=342072, required=198712",
    "Program log: account reallocated: current=153600, target=342072, required=188472",
    "MASKED(/^Program \\w{32,44} consumed \\d+ of \\d+ compute units$/)",
    "Program 4qEHCzsLFUnw8jmhmRSmAK5VhZVoSD1iVqukAf92yHi5 success",
    "Program 4qEHCzsLFUnw8jmhmRSmAK5VhZVoSD1iVqukAf92yHi5 invoke [1]",
    "Program log: Instruction: AdminUpdateRewardAccountIfNeeded",
    "Program log: realloc account size: current=153600, target=342072, required=188472",
    "Program log: account reallocated: current=163840, target=342072, required=178232",
    "MASKED(/^Program \\w{32,44} consumed \\d+ of \\d+ compute units$/)",
    "Program 4qEHCzsLFUnw8jmhmRSmAK5VhZVoSD1iVqukAf92yHi5 success",
    "Program 4qEHCzsLFUnw8jmhmRSmAK5VhZVoSD1iVqukAf92yHi5 invoke [1]",
    "Program log: Instruction: AdminUpdateRewardAccountIfNeeded",
    "Program log: realloc account size: current=163840, target=342072, required=178232",
    "Program log: account reallocated: current=174080, target=342072, required=167992",
    "MASKED(/^Program \\w{32,44} consumed \\d+ of \\d+ compute units$/)",
    "Program 4qEHCzsLFUnw8jmhmRSmAK5VhZVoSD1iVqukAf92yHi5 success",
    "Program 4qEHCzsLFUnw8jmhmRSmAK5VhZVoSD1iVqukAf92yHi5 invoke [1]",
    "Program log: Instruction: AdminUpdateRewardAccountIfNeeded",
    "Program log: realloc account size: current=174080, target=342072, required=167992",
    "Program log: account reallocated: current=184320, target=342072, required=157752",
    "MASKED(/^Program \\w{32,44} consumed \\d+ of \\d+ compute units$/)",
    "Program 4qEHCzsLFUnw8jmhmRSmAK5VhZVoSD1iVqukAf92yHi5 success",
    "Program 4qEHCzsLFUnw8jmhmRSmAK5VhZVoSD1iVqukAf92yHi5 invoke [1]",
    "Program log: Instruction: AdminUpdateRewardAccountIfNeeded",
    "Program log: realloc account size: current=184320, target=342072, required=157752",
    "Program log: account reallocated: current=194560, target=342072, required=147512",
    "MASKED(/^Program \\w{32,44} consumed \\d+ of \\d+ compute units$/)",
    "Program 4qEHCzsLFUnw8jmhmRSmAK5VhZVoSD1iVqukAf92yHi5 success",
    "Program 4qEHCzsLFUnw8jmhmRSmAK5VhZVoSD1iVqukAf92yHi5 invoke [1]",
    "Program log: Instruction: AdminUpdateRewardAccountIfNeeded",
    "Program log: realloc account size: current=194560, target=342072, required=147512",
    "Program log: account reallocated: current=204800, target=342072, required=137272",
    "MASKED(/^Program \\w{32,44} consumed \\d+ of \\d+ compute units$/)",
    "Program 4qEHCzsLFUnw8jmhmRSmAK5VhZVoSD1iVqukAf92yHi5 success",
    "Program 4qEHCzsLFUnw8jmhmRSmAK5VhZVoSD1iVqukAf92yHi5 invoke [1]",
    "Program log: Instruction: AdminUpdateRewardAccountIfNeeded",
    "Program log: realloc account size: current=204800, target=342072, required=137272",
    "Program log: account reallocated: current=215040, target=342072, required=127032",
    "MASKED(/^Program \\w{32,44} consumed \\d+ of \\d+ compute units$/)",
    "Program 4qEHCzsLFUnw8jmhmRSmAK5VhZVoSD1iVqukAf92yHi5 success",
    "Program 4qEHCzsLFUnw8jmhmRSmAK5VhZVoSD1iVqukAf92yHi5 invoke [1]",
    "Program log: Instruction: AdminUpdateRewardAccountIfNeeded",
    "Program log: realloc account size: current=215040, target=342072, required=127032",
    "Program log: account reallocated: current=225280, target=342072, required=116792",
    "MASKED(/^Program \\w{32,44} consumed \\d+ of \\d+ compute units$/)",
    "Program 4qEHCzsLFUnw8jmhmRSmAK5VhZVoSD1iVqukAf92yHi5 success",
    "Program 4qEHCzsLFUnw8jmhmRSmAK5VhZVoSD1iVqukAf92yHi5 invoke [1]",
    "Program log: Instruction: AdminUpdateRewardAccountIfNeeded",
    "Program log: realloc account size: current=225280, target=342072, required=116792",
    "Log truncated",
  ],
  [
    "Program 4qEHCzsLFUnw8jmhmRSmAK5VhZVoSD1iVqukAf92yHi5 invoke [1]",
    "Program log: Instruction: FundManagerAddReward",
    "Program 4qEHCzsLFUnw8jmhmRSmAK5VhZVoSD1iVqukAf92yHi5 invoke [2]",
    "MASKED(/^Program \\w{32,44} consumed \\d+ of \\d+ compute units$/)",
    "Program 4qEHCzsLFUnw8jmhmRSmAK5VhZVoSD1iVqukAf92yHi5 success",
    "MASKED(/^Program \\w{32,44} consumed \\d+ of \\d+ compute units$/)",
    "Program 4qEHCzsLFUnw8jmhmRSmAK5VhZVoSD1iVqukAf92yHi5 success",
  ],
  [
    "Program 4qEHCzsLFUnw8jmhmRSmAK5VhZVoSD1iVqukAf92yHi5 invoke [1]",
    "Program log: Instruction: FundManagerSettleReward",
    "Program 4qEHCzsLFUnw8jmhmRSmAK5VhZVoSD1iVqukAf92yHi5 invoke [2]",
    "MASKED(/^Program \\w{32,44} consumed \\d+ of \\d+ compute units$/)",
    "Program 4qEHCzsLFUnw8jmhmRSmAK5VhZVoSD1iVqukAf92yHi5 success",
    "MASKED(/^Program \\w{32,44} consumed \\d+ of \\d+ compute units$/)",
    "Program 4qEHCzsLFUnw8jmhmRSmAK5VhZVoSD1iVqukAf92yHi5 success",
  ],
  [
    "Program 11111111111111111111111111111111 invoke [1]",
    "Program 11111111111111111111111111111111 success",
    "Program TokenkegQfeZyiNwAJbNbGKPFXCWuBvf9Ss623VQ5DA invoke [1]",
    "Program log: Instruction: InitializeMint2",
    "MASKED(/^Program \\w{32,44} consumed \\d+ of \\d+ compute units$/)",
    "Program TokenkegQfeZyiNwAJbNbGKPFXCWuBvf9Ss623VQ5DA success",
    "Program metaqbxxUerdq28cj1RbAWkYQm3ybzjb6a8bt518x1s invoke [1]",
    "Program log: IX: Create",
    "Program 11111111111111111111111111111111 invoke [2]",
    "Program 11111111111111111111111111111111 success",
    "Program log: Allocate space for the account",
    "Program 11111111111111111111111111111111 invoke [2]",
    "Program 11111111111111111111111111111111 success",
    "Program log: Assign the account to the owning program",
    "Program 11111111111111111111111111111111 invoke [2]",
    "Program 11111111111111111111111111111111 success",
    "MASKED(/^Program \\w{32,44} consumed \\d+ of \\d+ compute units$/)",
    "Program metaqbxxUerdq28cj1RbAWkYQm3ybzjb6a8bt518x1s success",
  ],
  [
    "Program ATokenGPvbdGVxr1b2hvZbsiqW5xWH25efTNsLJA8knL invoke [1]",
    "Program log: CreateIdempotent",
    "Program TokenzQdBNbLqP5VEhdkAS6EPFLC1PHnBqCXEpPxuEb invoke [2]",
    "Program log: Instruction: GetAccountDataSize",
    "MASKED(/^Program \\w{32,44} consumed \\d+ of \\d+ compute units$/)",
    "Program return: TokenzQdBNbLqP5VEhdkAS6EPFLC1PHnBqCXEpPxuEb rwAAAAAAAAA=",
    "Program TokenzQdBNbLqP5VEhdkAS6EPFLC1PHnBqCXEpPxuEb success",
    "Program 11111111111111111111111111111111 invoke [2]",
    "Program 11111111111111111111111111111111 success",
    "Program log: Initialize the associated token account",
    "Program TokenzQdBNbLqP5VEhdkAS6EPFLC1PHnBqCXEpPxuEb invoke [2]",
    "Program log: Instruction: InitializeImmutableOwner",
    "MASKED(/^Program \\w{32,44} consumed \\d+ of \\d+ compute units$/)",
    "Program TokenzQdBNbLqP5VEhdkAS6EPFLC1PHnBqCXEpPxuEb success",
    "Program TokenzQdBNbLqP5VEhdkAS6EPFLC1PHnBqCXEpPxuEb invoke [2]",
    "Program log: Instruction: InitializeAccount3",
    "MASKED(/^Program \\w{32,44} consumed \\d+ of \\d+ compute units$/)",
    "Program TokenzQdBNbLqP5VEhdkAS6EPFLC1PHnBqCXEpPxuEb success",
    "MASKED(/^Program \\w{32,44} consumed \\d+ of \\d+ compute units$/)",
    "Program ATokenGPvbdGVxr1b2hvZbsiqW5xWH25efTNsLJA8knL success",
    "Program 4qEHCzsLFUnw8jmhmRSmAK5VhZVoSD1iVqukAf92yHi5 invoke [1]",
    "Program log: Instruction: AdminCreateUserRewardAccountIdempotent",
    "Program 11111111111111111111111111111111 invoke [2]",
    "Program 11111111111111111111111111111111 success",
    "Program 4qEHCzsLFUnw8jmhmRSmAK5VhZVoSD1iVqukAf92yHi5 invoke [2]",
    "MASKED(/^Program \\w{32,44} consumed \\d+ of \\d+ compute units$/)",
    "Program 4qEHCzsLFUnw8jmhmRSmAK5VhZVoSD1iVqukAf92yHi5 success",
    "MASKED(/^Program \\w{32,44} consumed \\d+ of \\d+ compute units$/)",
    "Program 4qEHCzsLFUnw8jmhmRSmAK5VhZVoSD1iVqukAf92yHi5 success",
    "Program 4qEHCzsLFUnw8jmhmRSmAK5VhZVoSD1iVqukAf92yHi5 invoke [1]",
    "Program log: Instruction: FundManagerInitializeFundWrappedToken",
    "Program TokenkegQfeZyiNwAJbNbGKPFXCWuBvf9Ss623VQ5DA invoke [2]",
    "Program log: Instruction: SetAuthority",
    "MASKED(/^Program \\w{32,44} consumed \\d+ of \\d+ compute units$/)",
    "Program TokenkegQfeZyiNwAJbNbGKPFXCWuBvf9Ss623VQ5DA success",
    "Program 4qEHCzsLFUnw8jmhmRSmAK5VhZVoSD1iVqukAf92yHi5 invoke [2]",
    "MASKED(/^Program \\w{32,44} consumed \\d+ of \\d+ compute units$/)",
    "Program 4qEHCzsLFUnw8jmhmRSmAK5VhZVoSD1iVqukAf92yHi5 success",
    "MASKED(/^Program \\w{32,44} consumed \\d+ of \\d+ compute units$/)",
    "Program 4qEHCzsLFUnw8jmhmRSmAK5VhZVoSD1iVqukAf92yHi5 success",
  ],
  [
    "Program 4qEHCzsLFUnw8jmhmRSmAK5VhZVoSD1iVqukAf92yHi5 invoke [1]",
    "Program log: Instruction: FundManagerAddTokenSwapStrategy",
    "Program 4qEHCzsLFUnw8jmhmRSmAK5VhZVoSD1iVqukAf92yHi5 invoke [2]",
    "MASKED(/^Program \\w{32,44} consumed \\d+ of \\d+ compute units$/)",
    "Program 4qEHCzsLFUnw8jmhmRSmAK5VhZVoSD1iVqukAf92yHi5 success",
    "MASKED(/^Program \\w{32,44} consumed \\d+ of \\d+ compute units$/)",
    "Program 4qEHCzsLFUnw8jmhmRSmAK5VhZVoSD1iVqukAf92yHi5 success",
  ],
  [
    "Program ATokenGPvbdGVxr1b2hvZbsiqW5xWH25efTNsLJA8knL invoke [1]",
    "Program log: CreateIdempotent",
    "Program TokenkegQfeZyiNwAJbNbGKPFXCWuBvf9Ss623VQ5DA invoke [2]",
    "Program log: Instruction: GetAccountDataSize",
    "MASKED(/^Program \\w{32,44} consumed \\d+ of \\d+ compute units$/)",
    "Program return: TokenkegQfeZyiNwAJbNbGKPFXCWuBvf9Ss623VQ5DA pQAAAAAAAAA=",
    "Program TokenkegQfeZyiNwAJbNbGKPFXCWuBvf9Ss623VQ5DA success",
    "Program 11111111111111111111111111111111 invoke [2]",
    "Program 11111111111111111111111111111111 success",
    "Program log: Initialize the associated token account",
    "Program TokenkegQfeZyiNwAJbNbGKPFXCWuBvf9Ss623VQ5DA invoke [2]",
    "Program log: Instruction: InitializeImmutableOwner",
    "Program log: Please upgrade to SPL Token 2022 for immutable owner support",
    "MASKED(/^Program \\w{32,44} consumed \\d+ of \\d+ compute units$/)",
    "Program TokenkegQfeZyiNwAJbNbGKPFXCWuBvf9Ss623VQ5DA success",
    "Program TokenkegQfeZyiNwAJbNbGKPFXCWuBvf9Ss623VQ5DA invoke [2]",
    "Program log: Instruction: InitializeAccount3",
    "MASKED(/^Program \\w{32,44} consumed \\d+ of \\d+ compute units$/)",
    "Program TokenkegQfeZyiNwAJbNbGKPFXCWuBvf9Ss623VQ5DA success",
    "MASKED(/^Program \\w{32,44} consumed \\d+ of \\d+ compute units$/)",
    "Program ATokenGPvbdGVxr1b2hvZbsiqW5xWH25efTNsLJA8knL success",
    "Program ATokenGPvbdGVxr1b2hvZbsiqW5xWH25efTNsLJA8knL invoke [1]",
    "Program log: CreateIdempotent",
    "Program TokenkegQfeZyiNwAJbNbGKPFXCWuBvf9Ss623VQ5DA invoke [2]",
    "Program log: Instruction: GetAccountDataSize",
    "MASKED(/^Program \\w{32,44} consumed \\d+ of \\d+ compute units$/)",
    "Program return: TokenkegQfeZyiNwAJbNbGKPFXCWuBvf9Ss623VQ5DA pQAAAAAAAAA=",
    "Program TokenkegQfeZyiNwAJbNbGKPFXCWuBvf9Ss623VQ5DA success",
    "Program 11111111111111111111111111111111 invoke [2]",
    "Program 11111111111111111111111111111111 success",
    "Program log: Initialize the associated token account",
    "Program TokenkegQfeZyiNwAJbNbGKPFXCWuBvf9Ss623VQ5DA invoke [2]",
    "Program log: Instruction: InitializeImmutableOwner",
    "Program log: Please upgrade to SPL Token 2022 for immutable owner support",
    "MASKED(/^Program \\w{32,44} consumed \\d+ of \\d+ compute units$/)",
    "Program TokenkegQfeZyiNwAJbNbGKPFXCWuBvf9Ss623VQ5DA success",
    "Program TokenkegQfeZyiNwAJbNbGKPFXCWuBvf9Ss623VQ5DA invoke [2]",
    "Program log: Instruction: InitializeAccount3",
    "MASKED(/^Program \\w{32,44} consumed \\d+ of \\d+ compute units$/)",
    "Program TokenkegQfeZyiNwAJbNbGKPFXCWuBvf9Ss623VQ5DA success",
    "MASKED(/^Program \\w{32,44} consumed \\d+ of \\d+ compute units$/)",
    "Program ATokenGPvbdGVxr1b2hvZbsiqW5xWH25efTNsLJA8knL success",
    "Program ATokenGPvbdGVxr1b2hvZbsiqW5xWH25efTNsLJA8knL invoke [1]",
    "Program log: CreateIdempotent",
    "Program TokenkegQfeZyiNwAJbNbGKPFXCWuBvf9Ss623VQ5DA invoke [2]",
    "Program log: Instruction: GetAccountDataSize",
    "MASKED(/^Program \\w{32,44} consumed \\d+ of \\d+ compute units$/)",
    "Program return: TokenkegQfeZyiNwAJbNbGKPFXCWuBvf9Ss623VQ5DA pQAAAAAAAAA=",
    "Program TokenkegQfeZyiNwAJbNbGKPFXCWuBvf9Ss623VQ5DA success",
    "Program 11111111111111111111111111111111 invoke [2]",
    "Program 11111111111111111111111111111111 success",
    "Program log: Initialize the associated token account",
    "Program TokenkegQfeZyiNwAJbNbGKPFXCWuBvf9Ss623VQ5DA invoke [2]",
    "Program log: Instruction: InitializeImmutableOwner",
    "Program log: Please upgrade to SPL Token 2022 for immutable owner support",
    "MASKED(/^Program \\w{32,44} consumed \\d+ of \\d+ compute units$/)",
    "Program TokenkegQfeZyiNwAJbNbGKPFXCWuBvf9Ss623VQ5DA success",
    "Program TokenkegQfeZyiNwAJbNbGKPFXCWuBvf9Ss623VQ5DA invoke [2]",
    "Program log: Instruction: InitializeAccount3",
    "MASKED(/^Program \\w{32,44} consumed \\d+ of \\d+ compute units$/)",
    "Program TokenkegQfeZyiNwAJbNbGKPFXCWuBvf9Ss623VQ5DA success",
    "MASKED(/^Program \\w{32,44} consumed \\d+ of \\d+ compute units$/)",
    "Program ATokenGPvbdGVxr1b2hvZbsiqW5xWH25efTNsLJA8knL success",
    "Program ATokenGPvbdGVxr1b2hvZbsiqW5xWH25efTNsLJA8knL invoke [1]",
    "Program log: CreateIdempotent",
    "Program TokenkegQfeZyiNwAJbNbGKPFXCWuBvf9Ss623VQ5DA invoke [2]",
    "Program log: Instruction: GetAccountDataSize",
    "MASKED(/^Program \\w{32,44} consumed \\d+ of \\d+ compute units$/)",
    "Program return: TokenkegQfeZyiNwAJbNbGKPFXCWuBvf9Ss623VQ5DA pQAAAAAAAAA=",
    "Program TokenkegQfeZyiNwAJbNbGKPFXCWuBvf9Ss623VQ5DA success",
    "Program 11111111111111111111111111111111 invoke [2]",
    "Program 11111111111111111111111111111111 success",
    "Program log: Initialize the associated token account",
    "Program TokenkegQfeZyiNwAJbNbGKPFXCWuBvf9Ss623VQ5DA invoke [2]",
    "Program log: Instruction: InitializeImmutableOwner",
    "Program log: Please upgrade to SPL Token 2022 for immutable owner support",
    "MASKED(/^Program \\w{32,44} consumed \\d+ of \\d+ compute units$/)",
    "Program TokenkegQfeZyiNwAJbNbGKPFXCWuBvf9Ss623VQ5DA success",
    "Program TokenkegQfeZyiNwAJbNbGKPFXCWuBvf9Ss623VQ5DA invoke [2]",
    "Program log: Instruction: InitializeAccount3",
    "MASKED(/^Program \\w{32,44} consumed \\d+ of \\d+ compute units$/)",
    "Program TokenkegQfeZyiNwAJbNbGKPFXCWuBvf9Ss623VQ5DA success",
    "MASKED(/^Program \\w{32,44} consumed \\d+ of \\d+ compute units$/)",
    "Program ATokenGPvbdGVxr1b2hvZbsiqW5xWH25efTNsLJA8knL success",
    "Program Vau1t6sLNxnzB7ZDsef8TLbPLfyZMYXH8WTNqUdm9g8 invoke [1]",
    "Program log: Instruction: SetDelegationAdmin",
    "Program log: Delegation admin set to Ee1W9enx3w2zv3pkgyNSqWteCaNJwxXBLydDMdTdPUzC",
    "MASKED(/^Program \\w{32,44} consumed \\d+ of \\d+ compute units$/)",
    "Program Vau1t6sLNxnzB7ZDsef8TLbPLfyZMYXH8WTNqUdm9g8 success",
    "Program 4qEHCzsLFUnw8jmhmRSmAK5VhZVoSD1iVqukAf92yHi5 invoke [1]",
    "Program log: Instruction: FundManagerInitializeFundRestakingVault",
    "Program 4qEHCzsLFUnw8jmhmRSmAK5VhZVoSD1iVqukAf92yHi5 invoke [2]",
    "MASKED(/^Program \\w{32,44} consumed \\d+ of \\d+ compute units$/)",
    "Program 4qEHCzsLFUnw8jmhmRSmAK5VhZVoSD1iVqukAf92yHi5 success",
    "MASKED(/^Program \\w{32,44} consumed \\d+ of \\d+ compute units$/)",
    "Program 4qEHCzsLFUnw8jmhmRSmAK5VhZVoSD1iVqukAf92yHi5 success",
  ],
  [
    "Program 4qEHCzsLFUnw8jmhmRSmAK5VhZVoSD1iVqukAf92yHi5 invoke [1]",
    "Program log: Instruction: FundManagerAddRestakingVaultCompoundingRewardToken",
    "Program 4qEHCzsLFUnw8jmhmRSmAK5VhZVoSD1iVqukAf92yHi5 invoke [2]",
    "MASKED(/^Program \\w{32,44} consumed \\d+ of \\d+ compute units$/)",
    "Program 4qEHCzsLFUnw8jmhmRSmAK5VhZVoSD1iVqukAf92yHi5 success",
    "MASKED(/^Program \\w{32,44} consumed \\d+ of \\d+ compute units$/)",
    "Program 4qEHCzsLFUnw8jmhmRSmAK5VhZVoSD1iVqukAf92yHi5 success",
  ],
  [
    "Program Vau1t6sLNxnzB7ZDsef8TLbPLfyZMYXH8WTNqUdm9g8 invoke [1]",
    "Program log: Instruction: InitializeVaultOperatorDelegation",
    "Program log: Initializing VaultOperatorDelegation at address 32Y9zKCeEqTww1AGUZo2ZZwJCQujtUp2bEVbxP854hQL",
    "Program 11111111111111111111111111111111 invoke [2]",
    "Program 11111111111111111111111111111111 success",
    "MASKED(/^Program \\w{32,44} consumed \\d+ of \\d+ compute units$/)",
    "Program Vau1t6sLNxnzB7ZDsef8TLbPLfyZMYXH8WTNqUdm9g8 success",
    "Program 4qEHCzsLFUnw8jmhmRSmAK5VhZVoSD1iVqukAf92yHi5 invoke [1]",
    "Program log: Instruction: FundManagerInitializeFundRestakingVaultDelegation",
    "Program 4qEHCzsLFUnw8jmhmRSmAK5VhZVoSD1iVqukAf92yHi5 invoke [2]",
    "MASKED(/^Program \\w{32,44} consumed \\d+ of \\d+ compute units$/)",
    "Program 4qEHCzsLFUnw8jmhmRSmAK5VhZVoSD1iVqukAf92yHi5 success",
    "MASKED(/^Program \\w{32,44} consumed \\d+ of \\d+ compute units$/)",
    "Program 4qEHCzsLFUnw8jmhmRSmAK5VhZVoSD1iVqukAf92yHi5 success",
  ],
  [
    "Program Vau1t6sLNxnzB7ZDsef8TLbPLfyZMYXH8WTNqUdm9g8 invoke [1]",
    "Program log: Instruction: InitializeVaultOperatorDelegation",
    "Program log: Initializing VaultOperatorDelegation at address 3RiowooysVtNvBAJykQoG2WanAW7iuaBnXZ17SWno9XE",
    "Program 11111111111111111111111111111111 invoke [2]",
    "Program 11111111111111111111111111111111 success",
    "MASKED(/^Program \\w{32,44} consumed \\d+ of \\d+ compute units$/)",
    "Program Vau1t6sLNxnzB7ZDsef8TLbPLfyZMYXH8WTNqUdm9g8 success",
    "Program 4qEHCzsLFUnw8jmhmRSmAK5VhZVoSD1iVqukAf92yHi5 invoke [1]",
    "Program log: Instruction: FundManagerInitializeFundRestakingVaultDelegation",
    "Program 4qEHCzsLFUnw8jmhmRSmAK5VhZVoSD1iVqukAf92yHi5 invoke [2]",
    "MASKED(/^Program \\w{32,44} consumed \\d+ of \\d+ compute units$/)",
    "Program 4qEHCzsLFUnw8jmhmRSmAK5VhZVoSD1iVqukAf92yHi5 success",
    "MASKED(/^Program \\w{32,44} consumed \\d+ of \\d+ compute units$/)",
    "Program 4qEHCzsLFUnw8jmhmRSmAK5VhZVoSD1iVqukAf92yHi5 success",
  ],
  [
    "Program Vau1t6sLNxnzB7ZDsef8TLbPLfyZMYXH8WTNqUdm9g8 invoke [1]",
    "Program log: Instruction: InitializeVaultOperatorDelegation",
    "Program log: Initializing VaultOperatorDelegation at address 2R35V6okyqkPPSUojZoFw6zCi7uB5yStHHrzbLKfxgP8",
    "Program 11111111111111111111111111111111 invoke [2]",
    "Program 11111111111111111111111111111111 success",
    "MASKED(/^Program \\w{32,44} consumed \\d+ of \\d+ compute units$/)",
    "Program Vau1t6sLNxnzB7ZDsef8TLbPLfyZMYXH8WTNqUdm9g8 success",
    "Program 4qEHCzsLFUnw8jmhmRSmAK5VhZVoSD1iVqukAf92yHi5 invoke [1]",
    "Program log: Instruction: FundManagerInitializeFundRestakingVaultDelegation",
    "Program 4qEHCzsLFUnw8jmhmRSmAK5VhZVoSD1iVqukAf92yHi5 invoke [2]",
    "MASKED(/^Program \\w{32,44} consumed \\d+ of \\d+ compute units$/)",
    "Program 4qEHCzsLFUnw8jmhmRSmAK5VhZVoSD1iVqukAf92yHi5 success",
    "MASKED(/^Program \\w{32,44} consumed \\d+ of \\d+ compute units$/)",
    "Program 4qEHCzsLFUnw8jmhmRSmAK5VhZVoSD1iVqukAf92yHi5 success",
  ],
  [
    "Program Vau1t6sLNxnzB7ZDsef8TLbPLfyZMYXH8WTNqUdm9g8 invoke [1]",
    "Program log: Instruction: InitializeVaultOperatorDelegation",
    "Program log: Initializing VaultOperatorDelegation at address GsKhAThQ4UGXC6NFbUz7EY4VhPcFoVdMdKBBUopAyVnx",
    "Program 11111111111111111111111111111111 invoke [2]",
    "Program 11111111111111111111111111111111 success",
    "MASKED(/^Program \\w{32,44} consumed \\d+ of \\d+ compute units$/)",
    "Program Vau1t6sLNxnzB7ZDsef8TLbPLfyZMYXH8WTNqUdm9g8 success",
    "Program 4qEHCzsLFUnw8jmhmRSmAK5VhZVoSD1iVqukAf92yHi5 invoke [1]",
    "Program log: Instruction: FundManagerInitializeFundRestakingVaultDelegation",
    "Program 4qEHCzsLFUnw8jmhmRSmAK5VhZVoSD1iVqukAf92yHi5 invoke [2]",
    "MASKED(/^Program \\w{32,44} consumed \\d+ of \\d+ compute units$/)",
    "Program 4qEHCzsLFUnw8jmhmRSmAK5VhZVoSD1iVqukAf92yHi5 success",
    "MASKED(/^Program \\w{32,44} consumed \\d+ of \\d+ compute units$/)",
    "Program 4qEHCzsLFUnw8jmhmRSmAK5VhZVoSD1iVqukAf92yHi5 success",
  ],
  [
    "Program Vau1t6sLNxnzB7ZDsef8TLbPLfyZMYXH8WTNqUdm9g8 invoke [1]",
    "Program log: Instruction: InitializeVaultOperatorDelegation",
    "Program log: Initializing VaultOperatorDelegation at address 14SQ45eJ4NRVKspJW7c8MknJaostsoAK4WVg1eATHZuH",
    "Program 11111111111111111111111111111111 invoke [2]",
    "Program 11111111111111111111111111111111 success",
    "MASKED(/^Program \\w{32,44} consumed \\d+ of \\d+ compute units$/)",
    "Program Vau1t6sLNxnzB7ZDsef8TLbPLfyZMYXH8WTNqUdm9g8 success",
    "Program 4qEHCzsLFUnw8jmhmRSmAK5VhZVoSD1iVqukAf92yHi5 invoke [1]",
    "Program log: Instruction: FundManagerInitializeFundRestakingVaultDelegation",
    "Program 4qEHCzsLFUnw8jmhmRSmAK5VhZVoSD1iVqukAf92yHi5 invoke [2]",
    "MASKED(/^Program \\w{32,44} consumed \\d+ of \\d+ compute units$/)",
    "Program 4qEHCzsLFUnw8jmhmRSmAK5VhZVoSD1iVqukAf92yHi5 success",
    "MASKED(/^Program \\w{32,44} consumed \\d+ of \\d+ compute units$/)",
    "Program 4qEHCzsLFUnw8jmhmRSmAK5VhZVoSD1iVqukAf92yHi5 success",
  ],
  [
    "Program Vau1t6sLNxnzB7ZDsef8TLbPLfyZMYXH8WTNqUdm9g8 invoke [1]",
    "Program log: Instruction: InitializeVaultOperatorDelegation",
    "Program log: Initializing VaultOperatorDelegation at address k9VtW3z1jU9k9fGpmhPa4oif7wRSaTRthCcwSGnJW9b",
    "Program 11111111111111111111111111111111 invoke [2]",
    "Program 11111111111111111111111111111111 success",
    "MASKED(/^Program \\w{32,44} consumed \\d+ of \\d+ compute units$/)",
    "Program Vau1t6sLNxnzB7ZDsef8TLbPLfyZMYXH8WTNqUdm9g8 success",
    "Program 4qEHCzsLFUnw8jmhmRSmAK5VhZVoSD1iVqukAf92yHi5 invoke [1]",
    "Program log: Instruction: FundManagerInitializeFundRestakingVaultDelegation",
    "Program 4qEHCzsLFUnw8jmhmRSmAK5VhZVoSD1iVqukAf92yHi5 invoke [2]",
    "MASKED(/^Program \\w{32,44} consumed \\d+ of \\d+ compute units$/)",
    "Program 4qEHCzsLFUnw8jmhmRSmAK5VhZVoSD1iVqukAf92yHi5 success",
    "MASKED(/^Program \\w{32,44} consumed \\d+ of \\d+ compute units$/)",
    "Program 4qEHCzsLFUnw8jmhmRSmAK5VhZVoSD1iVqukAf92yHi5 success",
  ],
  [
    "Program Vau1t6sLNxnzB7ZDsef8TLbPLfyZMYXH8WTNqUdm9g8 invoke [1]",
    "Program log: Instruction: InitializeVaultOperatorDelegation",
    "Program log: Initializing VaultOperatorDelegation at address BSWwHQsxyCPS6rFsZERPLYMtVM3ZCNsG9oVUzqG1pQKP",
    "Program 11111111111111111111111111111111 invoke [2]",
    "Program 11111111111111111111111111111111 success",
    "MASKED(/^Program \\w{32,44} consumed \\d+ of \\d+ compute units$/)",
    "Program Vau1t6sLNxnzB7ZDsef8TLbPLfyZMYXH8WTNqUdm9g8 success",
    "Program 4qEHCzsLFUnw8jmhmRSmAK5VhZVoSD1iVqukAf92yHi5 invoke [1]",
    "Program log: Instruction: FundManagerInitializeFundRestakingVaultDelegation",
    "Program 4qEHCzsLFUnw8jmhmRSmAK5VhZVoSD1iVqukAf92yHi5 invoke [2]",
    "MASKED(/^Program \\w{32,44} consumed \\d+ of \\d+ compute units$/)",
    "Program 4qEHCzsLFUnw8jmhmRSmAK5VhZVoSD1iVqukAf92yHi5 success",
    "MASKED(/^Program \\w{32,44} consumed \\d+ of \\d+ compute units$/)",
    "Program 4qEHCzsLFUnw8jmhmRSmAK5VhZVoSD1iVqukAf92yHi5 success",
  ],
  [
    "Program Vau1t6sLNxnzB7ZDsef8TLbPLfyZMYXH8WTNqUdm9g8 invoke [1]",
    "Program log: Instruction: InitializeVaultOperatorDelegation",
    "Program log: Initializing VaultOperatorDelegation at address CTG2GGPDXiNPEeiFp7C769bxjjpTwsdg6SjEjHTNSsWv",
    "Program 11111111111111111111111111111111 invoke [2]",
    "Program 11111111111111111111111111111111 success",
    "MASKED(/^Program \\w{32,44} consumed \\d+ of \\d+ compute units$/)",
    "Program Vau1t6sLNxnzB7ZDsef8TLbPLfyZMYXH8WTNqUdm9g8 success",
    "Program 4qEHCzsLFUnw8jmhmRSmAK5VhZVoSD1iVqukAf92yHi5 invoke [1]",
    "Program log: Instruction: FundManagerInitializeFundRestakingVaultDelegation",
    "Program 4qEHCzsLFUnw8jmhmRSmAK5VhZVoSD1iVqukAf92yHi5 invoke [2]",
    "MASKED(/^Program \\w{32,44} consumed \\d+ of \\d+ compute units$/)",
    "Program 4qEHCzsLFUnw8jmhmRSmAK5VhZVoSD1iVqukAf92yHi5 success",
    "MASKED(/^Program \\w{32,44} consumed \\d+ of \\d+ compute units$/)",
    "Program 4qEHCzsLFUnw8jmhmRSmAK5VhZVoSD1iVqukAf92yHi5 success",
  ],
  [
    "Program Vau1t6sLNxnzB7ZDsef8TLbPLfyZMYXH8WTNqUdm9g8 invoke [1]",
    "Program log: Instruction: InitializeVaultOperatorDelegation",
    "Program log: Initializing VaultOperatorDelegation at address HPvLegQx5scy1L4XE49fGW3aSC6f3K2paYBMbYJrX6ZR",
    "Program 11111111111111111111111111111111 invoke [2]",
    "Program 11111111111111111111111111111111 success",
    "MASKED(/^Program \\w{32,44} consumed \\d+ of \\d+ compute units$/)",
    "Program Vau1t6sLNxnzB7ZDsef8TLbPLfyZMYXH8WTNqUdm9g8 success",
    "Program 4qEHCzsLFUnw8jmhmRSmAK5VhZVoSD1iVqukAf92yHi5 invoke [1]",
    "Program log: Instruction: FundManagerInitializeFundRestakingVaultDelegation",
    "Program 4qEHCzsLFUnw8jmhmRSmAK5VhZVoSD1iVqukAf92yHi5 invoke [2]",
    "MASKED(/^Program \\w{32,44} consumed \\d+ of \\d+ compute units$/)",
    "Program 4qEHCzsLFUnw8jmhmRSmAK5VhZVoSD1iVqukAf92yHi5 success",
    "MASKED(/^Program \\w{32,44} consumed \\d+ of \\d+ compute units$/)",
    "Program 4qEHCzsLFUnw8jmhmRSmAK5VhZVoSD1iVqukAf92yHi5 success",
  ],
  [
    "Program Vau1t6sLNxnzB7ZDsef8TLbPLfyZMYXH8WTNqUdm9g8 invoke [1]",
    "Program log: Instruction: InitializeVaultOperatorDelegation",
    "Program log: Initializing VaultOperatorDelegation at address 3MTGySh1KiCPnYGjQNTPP7p1Qr1bm9bQekKBQsXP5ur4",
    "Program 11111111111111111111111111111111 invoke [2]",
    "Program 11111111111111111111111111111111 success",
    "MASKED(/^Program \\w{32,44} consumed \\d+ of \\d+ compute units$/)",
    "Program Vau1t6sLNxnzB7ZDsef8TLbPLfyZMYXH8WTNqUdm9g8 success",
    "Program 4qEHCzsLFUnw8jmhmRSmAK5VhZVoSD1iVqukAf92yHi5 invoke [1]",
    "Program log: Instruction: FundManagerInitializeFundRestakingVaultDelegation",
    "Program 4qEHCzsLFUnw8jmhmRSmAK5VhZVoSD1iVqukAf92yHi5 invoke [2]",
    "MASKED(/^Program \\w{32,44} consumed \\d+ of \\d+ compute units$/)",
    "Program 4qEHCzsLFUnw8jmhmRSmAK5VhZVoSD1iVqukAf92yHi5 success",
    "MASKED(/^Program \\w{32,44} consumed \\d+ of \\d+ compute units$/)",
    "Program 4qEHCzsLFUnw8jmhmRSmAK5VhZVoSD1iVqukAf92yHi5 success",
  ],
  [
    "Program Vau1t6sLNxnzB7ZDsef8TLbPLfyZMYXH8WTNqUdm9g8 invoke [1]",
    "Program log: Instruction: InitializeVaultOperatorDelegation",
    "Program log: Initializing VaultOperatorDelegation at address Ded5RH57jbsEDafx6etv1taVTgAkF7rrrFZBDshD2s8C",
    "Program 11111111111111111111111111111111 invoke [2]",
    "Program 11111111111111111111111111111111 success",
    "MASKED(/^Program \\w{32,44} consumed \\d+ of \\d+ compute units$/)",
    "Program Vau1t6sLNxnzB7ZDsef8TLbPLfyZMYXH8WTNqUdm9g8 success",
    "Program 4qEHCzsLFUnw8jmhmRSmAK5VhZVoSD1iVqukAf92yHi5 invoke [1]",
    "Program log: Instruction: FundManagerInitializeFundRestakingVaultDelegation",
    "Program 4qEHCzsLFUnw8jmhmRSmAK5VhZVoSD1iVqukAf92yHi5 invoke [2]",
    "MASKED(/^Program \\w{32,44} consumed \\d+ of \\d+ compute units$/)",
    "Program 4qEHCzsLFUnw8jmhmRSmAK5VhZVoSD1iVqukAf92yHi5 success",
    "MASKED(/^Program \\w{32,44} consumed \\d+ of \\d+ compute units$/)",
    "Program 4qEHCzsLFUnw8jmhmRSmAK5VhZVoSD1iVqukAf92yHi5 success",
  ],
  [
    "Program ComputeBudget111111111111111111111111111111 invoke [1]",
    "Program ComputeBudget111111111111111111111111111111 success",
    "Program 4qEHCzsLFUnw8jmhmRSmAK5VhZVoSD1iVqukAf92yHi5 invoke [1]",
    "Program log: Instruction: FundManagerUpdateRestakingVaultDelegationStrategy",
    "Program 4qEHCzsLFUnw8jmhmRSmAK5VhZVoSD1iVqukAf92yHi5 invoke [2]",
    "MASKED(/^Program \\w{32,44} consumed \\d+ of \\d+ compute units$/)",
    "Program 4qEHCzsLFUnw8jmhmRSmAK5VhZVoSD1iVqukAf92yHi5 success",
    "MASKED(/^Program \\w{32,44} consumed \\d+ of \\d+ compute units$/)",
    "Program 4qEHCzsLFUnw8jmhmRSmAK5VhZVoSD1iVqukAf92yHi5 success",
    "Program 4qEHCzsLFUnw8jmhmRSmAK5VhZVoSD1iVqukAf92yHi5 invoke [1]",
    "Program log: Instruction: FundManagerUpdateRestakingVaultDelegationStrategy",
    "Program 4qEHCzsLFUnw8jmhmRSmAK5VhZVoSD1iVqukAf92yHi5 invoke [2]",
    "MASKED(/^Program \\w{32,44} consumed \\d+ of \\d+ compute units$/)",
    "Program 4qEHCzsLFUnw8jmhmRSmAK5VhZVoSD1iVqukAf92yHi5 success",
    "MASKED(/^Program \\w{32,44} consumed \\d+ of \\d+ compute units$/)",
    "Program 4qEHCzsLFUnw8jmhmRSmAK5VhZVoSD1iVqukAf92yHi5 success",
    "Program 4qEHCzsLFUnw8jmhmRSmAK5VhZVoSD1iVqukAf92yHi5 invoke [1]",
    "Program log: Instruction: FundManagerUpdateRestakingVaultDelegationStrategy",
    "Program 4qEHCzsLFUnw8jmhmRSmAK5VhZVoSD1iVqukAf92yHi5 invoke [2]",
    "MASKED(/^Program \\w{32,44} consumed \\d+ of \\d+ compute units$/)",
    "Program 4qEHCzsLFUnw8jmhmRSmAK5VhZVoSD1iVqukAf92yHi5 success",
    "MASKED(/^Program \\w{32,44} consumed \\d+ of \\d+ compute units$/)",
    "Program 4qEHCzsLFUnw8jmhmRSmAK5VhZVoSD1iVqukAf92yHi5 success",
    "Program 4qEHCzsLFUnw8jmhmRSmAK5VhZVoSD1iVqukAf92yHi5 invoke [1]",
    "Program log: Instruction: FundManagerUpdateRestakingVaultDelegationStrategy",
    "Program 4qEHCzsLFUnw8jmhmRSmAK5VhZVoSD1iVqukAf92yHi5 invoke [2]",
    "MASKED(/^Program \\w{32,44} consumed \\d+ of \\d+ compute units$/)",
    "Program 4qEHCzsLFUnw8jmhmRSmAK5VhZVoSD1iVqukAf92yHi5 success",
    "MASKED(/^Program \\w{32,44} consumed \\d+ of \\d+ compute units$/)",
    "Program 4qEHCzsLFUnw8jmhmRSmAK5VhZVoSD1iVqukAf92yHi5 success",
    "Program 4qEHCzsLFUnw8jmhmRSmAK5VhZVoSD1iVqukAf92yHi5 invoke [1]",
    "Program log: Instruction: FundManagerUpdateRestakingVaultDelegationStrategy",
    "Program 4qEHCzsLFUnw8jmhmRSmAK5VhZVoSD1iVqukAf92yHi5 invoke [2]",
    "MASKED(/^Program \\w{32,44} consumed \\d+ of \\d+ compute units$/)",
    "Program 4qEHCzsLFUnw8jmhmRSmAK5VhZVoSD1iVqukAf92yHi5 success",
    "MASKED(/^Program \\w{32,44} consumed \\d+ of \\d+ compute units$/)",
    "Program 4qEHCzsLFUnw8jmhmRSmAK5VhZVoSD1iVqukAf92yHi5 success",
  ],
  [
    "Program ComputeBudget111111111111111111111111111111 invoke [1]",
    "Program ComputeBudget111111111111111111111111111111 success",
    "Program AddressLookupTab1e1111111111111111111111111 invoke [1]",
    "Program 11111111111111111111111111111111 invoke [2]",
    "Program 11111111111111111111111111111111 success",
    "Program AddressLookupTab1e1111111111111111111111111 success",
  ],
]
`;
